[INFO] Scanning for projects...
[INFO] 
[INFO] --------------------------< com.se194093:BE >---------------------------
[INFO] Building BE 0.0.1-SNAPSHOT
[INFO]   from pom.xml
[INFO] --------------------------------[ jar ]---------------------------------
[INFO] 
[INFO] >>> spring-boot:4.0.6:run (default-cli) > test-compile @ BE >>>
[INFO] 
[INFO] --- resources:3.3.1:resources (default-resources) @ BE ---
[INFO] Copying 11 resources from src\main\resources to target\classes
[INFO] Copying 2 resources from src\main\resources to target\classes
[INFO] 
[INFO] --- compiler:3.14.1:compile (default-compile) @ BE ---
[INFO] Nothing to compile - all classes are up to date.
[INFO] 
[INFO] --- resources:3.3.1:testResources (default-testResources) @ BE ---
[INFO] skip non existing resourceDirectory D:\FPT\SU26\SWP\ManageSealHackathon\BE\src\test\resources
[INFO] 
[INFO] --- compiler:3.14.1:testCompile (default-testCompile) @ BE ---
[INFO] Nothing to compile - all classes are up to date.
[INFO] 
[INFO] <<< spring-boot:4.0.6:run (default-cli) < test-compile @ BE <<<
[INFO] 
[INFO] 
[INFO] --- spring-boot:4.0.6:run (default-cli) @ BE ---
[INFO] Attaching agents: []

  .   ____          _            __ _ _
 /\\ / ___'_ __ _ _(_)_ __  __ _ \ \ \ \
( ( )\___ | '_ | '_| | '_ \/ _` | \ \ \ \
 \\/  ___)| |_)| | | | | || (_| |  ) ) ) )
  '  |____| .__|_| |_|_| |_\__, | / / / /
 =========|_|==============|___/=/_/_/_/

 :: Spring Boot ::                (v4.0.6)

2026-07-19T01:12:50.846+07:00  INFO 29352 --- [BE] [  restartedMain] com.sealhackathon.api.BeApplication      : Starting BeApplication using Java 17.0.9 with PID 29352 (D:\FPT\SU26\SWP\ManageSealHackathon\BE\target\classes started by ASUS in D:\FPT\SU26\SWP\ManageSealHackathon\BE)
2026-07-19T01:12:50.851+07:00  INFO 29352 --- [BE] [  restartedMain] com.sealhackathon.api.BeApplication      : The following 1 profile is active: "dev"
2026-07-19T01:12:50.937+07:00  INFO 29352 --- [BE] [  restartedMain] .e.DevToolsPropertyDefaultsPostProcessor : Devtools property defaults active! Set 'spring.devtools.add-properties' to 'false' to disable
2026-07-19T01:12:50.937+07:00  INFO 29352 --- [BE] [  restartedMain] .e.DevToolsPropertyDefaultsPostProcessor : For additional web related logging consider setting the 'logging.level.web' property to 'DEBUG'
2026-07-19T01:12:53.006+07:00  INFO 29352 --- [BE] [  restartedMain] .s.d.r.c.RepositoryConfigurationDelegate : Bootstrapping Spring Data JPA repositories in DEFAULT mode.
2026-07-19T01:12:53.425+07:00  INFO 29352 --- [BE] [  restartedMain] .s.d.r.c.RepositoryConfigurationDelegate : Finished Spring Data repository scanning in 404 ms. Found 40 JPA repository interfaces.
2026-07-19T01:12:54.653+07:00  INFO 29352 --- [BE] [  restartedMain] o.s.boot.tomcat.TomcatWebServer          : Tomcat initialized with port 8080 (http)
2026-07-19T01:12:54.678+07:00  INFO 29352 --- [BE] [  restartedMain] o.apache.catalina.core.StandardService   : Starting service [Tomcat]
2026-07-19T01:12:54.679+07:00  INFO 29352 --- [BE] [  restartedMain] o.apache.catalina.core.StandardEngine    : Starting Servlet engine: [Apache Tomcat/11.0.21]
2026-07-19T01:12:54.768+07:00  INFO 29352 --- [BE] [  restartedMain] b.w.c.s.WebApplicationContextInitializer : Root WebApplicationContext: initialization completed in 3829 ms
2026-07-19T01:12:55.351+07:00  INFO 29352 --- [BE] [  restartedMain] org.hibernate.orm.jpa                    : HHH008540: Processing PersistenceUnitInfo [name: default]
2026-07-19T01:12:55.483+07:00  INFO 29352 --- [BE] [  restartedMain] org.hibernate.orm.core                   : HHH000001: Hibernate ORM core version 7.2.12.Final
2026-07-19T01:12:56.148+07:00  INFO 29352 --- [BE] [  restartedMain] o.s.o.j.p.SpringPersistenceUnitInfo      : No LoadTimeWeaver setup: ignoring JPA class transformer
2026-07-19T01:12:56.222+07:00  INFO 29352 --- [BE] [  restartedMain] com.zaxxer.hikari.HikariDataSource       : HikariPool-1 - Starting...
2026-07-19T01:12:56.771+07:00  INFO 29352 --- [BE] [  restartedMain] com.zaxxer.hikari.pool.HikariPool        : HikariPool-1 - Added connection com.mysql.cj.jdbc.ConnectionImpl@257ddb1
2026-07-19T01:12:56.774+07:00  INFO 29352 --- [BE] [  restartedMain] com.zaxxer.hikari.HikariDataSource       : HikariPool-1 - Start completed.
2026-07-19T01:12:56.900+07:00  INFO 29352 --- [BE] [  restartedMain] org.hibernate.orm.connections.pooling    : HHH10001005: Database info:
	Database JDBC URL [jdbc:mysql://localhost:3306/SealHackathon?serverTimezone=Asia/Ho_Chi_Minh&connectionTimeZone=LOCAL]
	Database driver: MySQL Connector/J
	Database dialect: MySQLDialect
	Database version: 8.0.45
	Default catalog/schema: SealHackathon/undefined
	Autocommit mode: undefined/unknown
	Isolation level: REPEATABLE_READ [default REPEATABLE_READ]
	JDBC fetch size: none
	Pool: DataSourceConnectionProvider
	Minimum pool size: undefined/unknown
	Maximum pool size: undefined/unknown
2026-07-19T01:12:59.910+07:00  INFO 29352 --- [BE] [  restartedMain] org.hibernate.orm.core                   : HHH000489: No JTA platform available (set 'hibernate.transaction.jta.platform' to enable JTA platform integration)
2026-07-19T01:13:14.201+07:00  INFO 29352 --- [BE] [  restartedMain] j.LocalContainerEntityManagerFactoryBean : Initialized JPA EntityManagerFactory for persistence unit 'default'
2026-07-19T01:13:14.383+07:00  INFO 29352 --- [BE] [  restartedMain] o.s.d.j.r.query.QueryEnhancerFactories   : Hibernate is in classpath; If applicable, HQL parser will be used.
2026-07-19T01:13:23.314+07:00  WARN 29352 --- [BE] [  restartedMain] JpaBaseConfiguration$JpaWebConfiguration : spring.jpa.open-in-view is enabled by default. Therefore, database queries may be performed during view rendering. Explicitly configure spring.jpa.open-in-view to disable this warning
2026-07-19T01:13:23.409+07:00  WARN 29352 --- [BE] [  restartedMain] .s.a.UserDetailsServiceAutoConfiguration : 

Using generated security password: 23e657b2-0773-4f84-a155-5492d9fa154d

This generated password is for development use only. Your security configuration must be updated before running your application in production.

2026-07-19T01:13:23.429+07:00  INFO 29352 --- [BE] [  restartedMain] r$InitializeUserDetailsManagerConfigurer : Global AuthenticationManager configured with UserDetailsService bean with name inMemoryUserDetailsManager
2026-07-19T01:13:25.482+07:00  INFO 29352 --- [BE] [  restartedMain] o.s.m.s.b.SimpleBrokerMessageHandler     : Starting...
2026-07-19T01:13:25.486+07:00  INFO 29352 --- [BE] [  restartedMain] o.s.m.s.b.SimpleBrokerMessageHandler     : BrokerAvailabilityEvent[available=true, SimpleBrokerMessageHandler [org.springframework.messaging.simp.broker.DefaultSubscriptionRegistry@2083d172]]
2026-07-19T01:13:25.487+07:00  INFO 29352 --- [BE] [  restartedMain] o.s.m.s.b.SimpleBrokerMessageHandler     : Started.
2026-07-19T01:13:25.511+07:00  INFO 29352 --- [BE] [  restartedMain] o.s.boot.tomcat.TomcatWebServer          : Tomcat started on port 8080 (http) with context path '/'
2026-07-19T01:13:25.531+07:00  INFO 29352 --- [BE] [  restartedMain] com.sealhackathon.api.BeApplication      : Started BeApplication in 35.369 seconds (process running for 36.179)
2026-07-19T01:13:25.811+07:00  INFO 29352 --- [BE] [  restartedMain] c.s.api.config.Gd03V41SchemaMigration    : [Gd03V41SchemaMigration] Added submissions.scoring_key (generated)
2026-07-19T01:13:25.884+07:00  INFO 29352 --- [BE] [  restartedMain] c.s.api.config.Gd03V41SchemaMigration    : [Gd03V41SchemaMigration] Added index uk_sub_team_scoring on submissions
2026-07-19T01:13:26.128+07:00  INFO 29352 --- [BE] [  restartedMain] c.s.api.config.Gd03V41SchemaMigration    : [Gd03V41SchemaMigration] hackathons.season ? Spring/Summer/Fall
2026-07-19T01:13:26.171+07:00  INFO 29352 --- [BE] [  restartedMain] c.s.api.config.Gd03V41SchemaMigration    : [Gd03V41SchemaMigration] GD03 v4.1 schema delta applied (idempotent)
2026-07-19T01:13:26.182+07:00  INFO 29352 --- [BE] [  restartedMain] c.s.a.config.FinalRoundProblemMigration  : [FinalRoundProblemMigration] Final-round problem PDF migration applied (idempotent)
2026-07-19T01:13:26.195+07:00  INFO 29352 --- [BE] [  restartedMain] c.s.a.c.RblCalibrationSchemaMigration    : [RblCalibrationSchemaMigration] calibration prompts ready
2026-07-19T01:13:26.199+07:00  INFO 29352 --- [BE] [  restartedMain] c.s.a.c.RblCalibrationSchemaMigration    : [RblCalibrationSchemaMigration] calibration scores ready
2026-07-19T01:13:26.259+07:00  INFO 29352 --- [BE] [  restartedMain] .s.a.c.CalibrationRemovalSchemaMigration : [CalibrationRemovalSchemaMigration] calibration_sessions already removed
2026-07-19T01:13:27.223+07:00  INFO 29352 --- [BE] [  restartedMain] c.s.api.config.seed.Gd1DataSeeder        : [Gd1DataSeeder] insert | email=coord@fpt.edu.vn | Password=Coordinator@dev1 | passwordHash=$2a$12$LH0zQNxKnnwsrnPL85F7iePIcYnfVjJbtKepdkgsaIt5BzsItL6cW
2026-07-19T01:13:27.744+07:00  INFO 29352 --- [BE] [  restartedMain] c.s.api.config.seed.Gd1DataSeeder        : [Gd1DataSeeder] insert | email=superadmin@fpt.edu.vn | Password=SuperAdmin@dev1 | passwordHash=$2a$12$tcqEuHWlhXoeEF/wwmnuteKEQRVCfeLfjVFr3iluQkao0hItPqwR2
2026-07-19T01:13:28.202+07:00  INFO 29352 --- [BE] [  restartedMain] c.s.api.config.seed.Gd1DataSeeder        : [Gd1DataSeeder] insert | email=judge1@fpt.edu.vn | Password=Judge@dev1 | passwordHash=$2a$12$Yj3HsyBnVKCSfuXIF0.UAeC07RQ90LL3Z28CVjIieTDCEfcLS5jRi
2026-07-19T01:13:28.693+07:00  INFO 29352 --- [BE] [  restartedMain] c.s.api.config.seed.Gd1DataSeeder        : [Gd1DataSeeder] insert | email=judge2@fpt.edu.vn | Password=Judge@dev1 | passwordHash=$2a$12$MhwE8s.If6sUpLyGZOKJeuImEH41aZctLzbjohtz7pH0V3DZUBES6
2026-07-19T01:13:29.218+07:00  INFO 29352 --- [BE] [  restartedMain] c.s.api.config.seed.Gd1DataSeeder        : [Gd1DataSeeder] insert | email=judge3@fpt.edu.vn | Password=Judge@dev1 | passwordHash=$2a$12$dTdgcBVlBtQ0Ld00B24puOITt9ZGUoIlFobsTdfM7mYr/oldPjUZa
2026-07-19T01:13:29.694+07:00  INFO 29352 --- [BE] [  restartedMain] c.s.api.config.seed.Gd1DataSeeder        : [Gd1DataSeeder] insert | email=judge4@fpt.edu.vn | Password=Judge@dev1 | passwordHash=$2a$12$6B0aggOBOX/C1AMt9tMcb.JUoSsumypVfYaK0UTp8XBGE7GS2NjsS
2026-07-19T01:13:30.168+07:00  INFO 29352 --- [BE] [  restartedMain] c.s.api.config.seed.Gd1DataSeeder        : [Gd1DataSeeder] insert | email=guestjudge@gmail.com | Password=GuestJudge@dev1 | passwordHash=$2a$12$yzqFuO7H5/umDSdq3Sv2aOotosLTisJkt9FEBw9HIfbz3pNmqR3GK
2026-07-19T01:13:30.604+07:00  INFO 29352 --- [BE] [  restartedMain] c.s.api.config.seed.Gd1DataSeeder        : [Gd1DataSeeder] insert | email=guestjudge2@gmail.com | Password=GuestJudge@dev1 | passwordHash=$2a$12$LzoRIvkenDGqdA7O7BJA5.FdrRX0nN41f29SRBxM/9Mfm0iwfwbp.
2026-07-19T01:13:31.147+07:00  INFO 29352 --- [BE] [  restartedMain] c.s.api.config.seed.Gd1DataSeeder        : [Gd1DataSeeder] insert | email=guestjudge3@gmail.com | Password=GuestJudge@dev1 | passwordHash=$2a$12$shajOu3P1i3D1WAwNi4WjOJWLoR0//WUL8wQYk8ffNcWL2PD0/wUW
2026-07-19T01:13:31.642+07:00  INFO 29352 --- [BE] [  restartedMain] c.s.api.config.seed.Gd1DataSeeder        : [Gd1DataSeeder] insert | email=mentor@fpt.edu.vn | Password=Mentor@dev1 | passwordHash=$2a$12$44D7CXL0Hhq0ziHIrN2oceT9RkMeCNfb4X/hg3QoO/CXP/nrxh09O
2026-07-19T01:13:32.153+07:00  INFO 29352 --- [BE] [  restartedMain] c.s.api.config.seed.Gd1DataSeeder        : [Gd1DataSeeder] insert | email=mentor2@fpt.edu.vn | Password=Mentor@dev1 | passwordHash=$2a$12$KJBkj2/HcQEzNIqPrjqzn.lIAjhUAjVnMHIGW30tSRg2rbdhGOh/y
2026-07-19T01:13:32.774+07:00  INFO 29352 --- [BE] [  restartedMain] c.s.api.config.seed.Gd1DataSeeder        : [Gd1DataSeeder] insert | email=mentor3@fpt.edu.vn | Password=Mentor@dev1 | passwordHash=$2a$12$Lg2cDlitEk0nr/9q3hKlTeV6h9cb3qU0J4Q/3LtBQKsN6q108X6Yy
2026-07-19T01:13:33.261+07:00  INFO 29352 --- [BE] [  restartedMain] c.s.api.config.seed.Gd1DataSeeder        : [Gd1DataSeeder] insert | email=pending.judge@fpt.edu.vn | Password=PendingJudge@dev1 | passwordHash=$2a$12$/mj0yrJyssHEwlv4C09ZuuWCF7OH9dVJUZOv.iOkN8/yC3WKhTAhy
2026-07-19T01:13:33.268+07:00  INFO 29352 --- [BE] [  restartedMain] c.s.api.config.seed.Gd1DataSeeder        : [Gd1DataSeeder] ========== Dev login (MF-02, profile dev) ==========
  superadmin@fpt.edu.vn  Password: SuperAdmin@dev1  (SUPERADMIN — unlock-scoring)
  coord@fpt.edu.vn  Password: Coordinator@dev1
  judge1@fpt.edu.vn / judge2@fpt.edu.vn / judge3@fpt.edu.vn / judge4@fpt.edu.vn  Password: Judge@dev1
  guestjudge@gmail.com / guestjudge2@gmail.com / guestjudge3@gmail.com  Password: GuestJudge@dev1
  mentor@fpt.edu.vn / mentor2@fpt.edu.vn / mentor3@fpt.edu.vn  Password: Mentor@dev1
  pending.judge@fpt.edu.vn  Password: PendingJudge@dev1  (status PENDING — login 401 cho ??n khi duy?t)
================================================================

2026-07-19T01:13:33.493+07:00  INFO 29352 --- [BE] [  restartedMain] c.s.api.config.seed.Gd1DataSeeder        : [Gd1DataSeeder] Repair timeline seed data (SEAL 2026 + FINISHED):
  hackathons=1, events=0, rounds=0
2026-07-19T01:13:33.645+07:00  INFO 29352 --- [BE] [  restartedMain] c.s.api.config.seed.Gd1DataSeeder        : [Gd1DataSeeder] Hackathon 'seal-fall-2025-finished' ?ã t?n t?i (id=1)
2026-07-19T01:13:34.317+07:00  INFO 29352 --- [BE] [  restartedMain] c.s.api.config.seed.Gd1DataSeeder        : [Gd1DataSeeder] ========== Dev login (MF-02, profile dev) ==========
  superadmin@fpt.edu.vn  Password: SuperAdmin@dev1  (SUPERADMIN — unlock-scoring)
  coord@fpt.edu.vn  Password: Coordinator@dev1
  judge1@fpt.edu.vn / judge2@fpt.edu.vn / judge3@fpt.edu.vn / judge4@fpt.edu.vn  Password: Judge@dev1
  guestjudge@gmail.com / guestjudge2@gmail.com / guestjudge3@gmail.com  Password: GuestJudge@dev1
  mentor@fpt.edu.vn / mentor2@fpt.edu.vn / mentor3@fpt.edu.vn  Password: Mentor@dev1
  pending.judge@fpt.edu.vn  Password: PendingJudge@dev1  (status PENDING — login 401 cho ??n khi duy?t)
================================================================

2026-07-19T01:13:34.366+07:00  INFO 29352 --- [BE] [  restartedMain] c.s.api.config.seed.Gd1DataSeeder        : [Gd1DataSeeder] ========== Dev login (MF-02, profile dev) ==========
  superadmin@fpt.edu.vn  Password: SuperAdmin@dev1  (SUPERADMIN — unlock-scoring)
  coord@fpt.edu.vn  Password: Coordinator@dev1
  judge1@fpt.edu.vn / judge2@fpt.edu.vn / judge3@fpt.edu.vn / judge4@fpt.edu.vn  Password: Judge@dev1
  guestjudge@gmail.com / guestjudge2@gmail.com / guestjudge3@gmail.com  Password: GuestJudge@dev1
  mentor@fpt.edu.vn / mentor2@fpt.edu.vn / mentor3@fpt.edu.vn  Password: Mentor@dev1
  pending.judge@fpt.edu.vn  Password: PendingJudge@dev1  (status PENDING — login 401 cho ??n khi duy?t)
================================================================

2026-07-19T01:13:34.538+07:00  INFO 29352 --- [BE] [  restartedMain] c.s.api.config.seed.Gd1DataSeeder        : [Gd1DataSeeder] Hackathon 'seal-fall-2025-finished' ?ã t?n t?i (id=1)
2026-07-19T01:13:34.544+07:00  INFO 29352 --- [BE] [  restartedMain] c.s.api.config.seed.Gd1DataSeeder        : [Gd1DataSeeder] Seed MF-01 G?1 hoàn t?t.
  Coordinator: id=1 email=coord@fpt.edu.vn
  Hackathons:
    - seal-e2e-2026 (id=2) ONGOING — E2E G?1, prelim id=3 active=false
    - seal-fall-2025-finished (id=1) FINISHED — archive
  Track 3 EV (ongoing): id=5

2026-07-19T01:13:45.466+07:00  INFO 29352 --- [BE] [  restartedMain] c.s.a.config.seed.E2eWorkflowDataSeeder  : [E2eWorkflowDataSeeder] slug=seal-e2e-2026 — 7 ??i × 3 track (3+2+2) | 3 SV ch?a có nhóm
  teams: E2E-T01 … E2E-T07 (ACTIVE, ch?a khóa, ch?a lottery)
  orphans: student.e2e.orphan1@fpt.edu.vn / student.e2e.orphan2@fpt.edu.vn / student.e2e.orphan3@fpt.edu.vn
  password=Student@dev1

2026-07-19T01:13:45.467+07:00  INFO 29352 --- [BE] [  restartedMain] c.s.a.config.seed.E2eWorkflowDataSeeder  : DEV SEED — 2 hackathon
  ONGOING  slug=seal-e2e-2026 — G?1 OK | 7 ??i + 3 orphan (test G?2?G?6)
  FINISHED slug=seal-fall-2025-finished — archive
  SV password: Student@dev1

2026-07-19T01:13:46.420+07:00  WARN 29352 --- [BE] [  restartedMain] org.hibernate.orm.jdbc.error             : HHH000247: ErrorCode: 1213, SQLState: 40001
2026-07-19T01:13:46.420+07:00  WARN 29352 --- [BE] [  restartedMain] org.hibernate.orm.jdbc.error             : Deadlock found when trying to get lock; try restarting transaction
2026-07-19T01:13:46.438+07:00  INFO 29352 --- [BE] [  restartedMain] .s.b.a.l.ConditionEvaluationReportLogger : 

Error starting ApplicationContext. To display the condition evaluation report re-run your application with 'debug' enabled.
2026-07-19T01:13:46.467+07:00 ERROR 29352 --- [BE] [  restartedMain] o.s.boot.SpringApplication               : Application run failed

org.springframework.dao.CannotAcquireLockException: could not execute statement [Deadlock found when trying to get lock; try restarting transaction] [insert into users (avatar_url,chapter_id,created_at,email,email_verified_at,full_name,institution,is_dept_head,is_temp_account,last_login_at,must_change_password,password_hash,phone,rejection_reason,role,status,student_card_image_path,student_code,updated_at,user_type) values (?,?,?,?,?,?,?,?,?,?,?,?,?,?,?,?,?,?,?,?)]; SQL [insert into users (avatar_url,chapter_id,created_at,email,email_verified_at,full_name,institution,is_dept_head,is_temp_account,last_login_at,must_change_password,password_hash,phone,rejection_reason,role,status,student_card_image_path,student_code,updated_at,user_type) values (?,?,?,?,?,?,?,?,?,?,?,?,?,?,?,?,?,?,?,?)]
	at org.springframework.orm.jpa.hibernate.HibernateExceptionTranslator.convertHibernateAccessException(HibernateExceptionTranslator.java:162) ~[spring-orm-7.0.7.jar:7.0.7]
	at org.springframework.orm.jpa.hibernate.HibernateExceptionTranslator.convertHibernateAccessException(HibernateExceptionTranslator.java:131) ~[spring-orm-7.0.7.jar:7.0.7]
	at org.springframework.orm.jpa.hibernate.HibernateExceptionTranslator.translateExceptionIfPossible(HibernateExceptionTranslator.java:109) ~[spring-orm-7.0.7.jar:7.0.7]
	at org.springframework.orm.jpa.vendor.HibernateJpaDialect.translateExceptionIfPossible(HibernateJpaDialect.java:223) ~[spring-orm-7.0.7.jar:7.0.7]
	at org.springframework.orm.jpa.AbstractEntityManagerFactoryBean.translateExceptionIfPossible(AbstractEntityManagerFactoryBean.java:576) ~[spring-orm-7.0.7.jar:7.0.7]
	at org.springframework.dao.support.ChainedPersistenceExceptionTranslator.translateExceptionIfPossible(ChainedPersistenceExceptionTranslator.java:61) ~[spring-tx-7.0.7.jar:7.0.7]
	at org.springframework.dao.support.DataAccessUtils.translateIfNecessary(DataAccessUtils.java:346) ~[spring-tx-7.0.7.jar:7.0.7]
	at org.springframework.dao.support.PersistenceExceptionTranslationInterceptor.invoke(PersistenceExceptionTranslationInterceptor.java:157) ~[spring-tx-7.0.7.jar:7.0.7]
	at org.springframework.aop.framework.ReflectiveMethodInvocation.proceed(ReflectiveMethodInvocation.java:179) ~[spring-aop-7.0.7.jar:7.0.7]
	at org.springframework.data.jpa.repository.support.CrudMethodMetadataPostProcessor$CrudMethodMetadataPopulatingMethodInterceptor.invoke(CrudMethodMetadataPostProcessor.java:166) ~[spring-data-jpa-4.0.5.jar:4.0.5]
	at org.springframework.aop.framework.ReflectiveMethodInvocation.proceed(ReflectiveMethodInvocation.java:179) ~[spring-aop-7.0.7.jar:7.0.7]
	at org.springframework.aop.framework.JdkDynamicAopProxy.invoke(JdkDynamicAopProxy.java:222) ~[spring-aop-7.0.7.jar:7.0.7]
	at jdk.proxy3/jdk.proxy3.$Proxy194.save(Unknown Source) ~[na:na]
	at com.sealhackathon.api.config.seed.HackathonDevSeedHelper.upsertStudent(HackathonDevSeedHelper.java:844) ~[classes/:na]
	at com.sealhackathon.api.config.seed.HackathonDevSeedHelper.upsertStudent(HackathonDevSeedHelper.java:830) ~[classes/:na]
	at java.base/jdk.internal.reflect.NativeMethodAccessorImpl.invoke0(Native Method) ~[na:na]
	at java.base/jdk.internal.reflect.NativeMethodAccessorImpl.invoke(NativeMethodAccessorImpl.java:77) ~[na:na]
	at java.base/jdk.internal.reflect.DelegatingMethodAccessorImpl.invoke(DelegatingMethodAccessorImpl.java:43) ~[na:na]
	at java.base/java.lang.reflect.Method.invoke(Method.java:568) ~[na:na]
	at org.springframework.aop.support.AopUtils.invokeJoinpointUsingReflection(AopUtils.java:359) ~[spring-aop-7.0.7.jar:7.0.7]
	at org.springframework.aop.framework.CglibAopProxy$DynamicAdvisedInterceptor.intercept(CglibAopProxy.java:715) ~[spring-aop-7.0.7.jar:7.0.7]
	at com.sealhackathon.api.config.seed.HackathonDevSeedHelper$$SpringCGLIB$$0.upsertStudent(<generated>) ~[classes/:na]
	at com.sealhackathon.api.config.seed.Gd3PrelimOpenDataSeeder.ensureSeed(Gd3PrelimOpenDataSeeder.java:101) ~[classes/:na]
	at java.base/jdk.internal.reflect.NativeMethodAccessorImpl.invoke0(Native Method) ~[na:na]
	at java.base/jdk.internal.reflect.NativeMethodAccessorImpl.invoke(NativeMethodAccessorImpl.java:77) ~[na:na]
	at java.base/jdk.internal.reflect.DelegatingMethodAccessorImpl.invoke(DelegatingMethodAccessorImpl.java:43) ~[na:na]
	at java.base/java.lang.reflect.Method.invoke(Method.java:568) ~[na:na]
	at org.springframework.aop.support.AopUtils.invokeJoinpointUsingReflection(AopUtils.java:359) ~[spring-aop-7.0.7.jar:7.0.7]
	at org.springframework.aop.framework.ReflectiveMethodInvocation.invokeJoinpoint(ReflectiveMethodInvocation.java:190) ~[spring-aop-7.0.7.jar:7.0.7]
	at org.springframework.aop.framework.ReflectiveMethodInvocation.proceed(ReflectiveMethodInvocation.java:158) ~[spring-aop-7.0.7.jar:7.0.7]
	at org.springframework.transaction.interceptor.TransactionInterceptor$1.proceedWithInvocation(TransactionInterceptor.java:133) ~[spring-tx-7.0.7.jar:7.0.7]
	at org.springframework.transaction.interceptor.TransactionAspectSupport.invokeWithinTransaction(TransactionAspectSupport.java:371) ~[spring-tx-7.0.7.jar:7.0.7]
	at org.springframework.transaction.interceptor.TransactionInterceptor.invoke(TransactionInterceptor.java:130) ~[spring-tx-7.0.7.jar:7.0.7]
	at org.springframework.aop.framework.ReflectiveMethodInvocation.proceed(ReflectiveMethodInvocation.java:179) ~[spring-aop-7.0.7.jar:7.0.7]
	at org.springframework.aop.framework.CglibAopProxy$DynamicAdvisedInterceptor.intercept(CglibAopProxy.java:719) ~[spring-aop-7.0.7.jar:7.0.7]
	at com.sealhackathon.api.config.seed.Gd3PrelimOpenDataSeeder$$SpringCGLIB$$0.ensureSeed(<generated>) ~[classes/:na]
	at com.sealhackathon.api.config.DataInitializer.run(DataInitializer.java:71) ~[classes/:na]
	at org.springframework.boot.SpringApplication.lambda$callRunner$1(SpringApplication.java:792) ~[spring-boot-4.0.6.jar:4.0.6]
	at org.springframework.util.function.ThrowingConsumer$1.acceptWithException(ThrowingConsumer.java:82) ~[spring-core-7.0.7.jar:7.0.7]
	at org.springframework.util.function.ThrowingConsumer.accept(ThrowingConsumer.java:60) ~[spring-core-7.0.7.jar:7.0.7]
	at org.springframework.util.function.ThrowingConsumer$1.accept(ThrowingConsumer.java:86) ~[spring-core-7.0.7.jar:7.0.7]
	at org.springframework.boot.SpringApplication.callRunner(SpringApplication.java:800) ~[spring-boot-4.0.6.jar:4.0.6]
	at org.springframework.boot.SpringApplication.callRunner(SpringApplication.java:791) ~[spring-boot-4.0.6.jar:4.0.6]
	at org.springframework.boot.SpringApplication.lambda$callRunners$0(SpringApplication.java:776) ~[spring-boot-4.0.6.jar:4.0.6]
	at java.base/java.util.stream.ForEachOps$ForEachOp$OfRef.accept(ForEachOps.java:183) ~[na:na]
	at java.base/java.util.stream.SortedOps$SizedRefSortingSink.end(SortedOps.java:357) ~[na:na]
	at java.base/java.util.stream.AbstractPipeline.copyInto(AbstractPipeline.java:510) ~[na:na]
	at java.base/java.util.stream.AbstractPipeline.wrapAndCopyInto(AbstractPipeline.java:499) ~[na:na]
	at java.base/java.util.stream.ForEachOps$ForEachOp.evaluateSequential(ForEachOps.java:150) ~[na:na]
	at java.base/java.util.stream.ForEachOps$ForEachOp$OfRef.evaluateSequential(ForEachOps.java:173) ~[na:na]
	at java.base/java.util.stream.AbstractPipeline.evaluate(AbstractPipeline.java:234) ~[na:na]
	at java.base/java.util.stream.ReferencePipeline.forEach(ReferencePipeline.java:596) ~[na:na]
	at org.springframework.boot.SpringApplication.callRunners(SpringApplication.java:776) ~[spring-boot-4.0.6.jar:4.0.6]
	at org.springframework.boot.SpringApplication.run(SpringApplication.java:328) ~[spring-boot-4.0.6.jar:4.0.6]
	at org.springframework.boot.SpringApplication.run(SpringApplication.java:1365) ~[spring-boot-4.0.6.jar:4.0.6]
	at org.springframework.boot.SpringApplication.run(SpringApplication.java:1354) ~[spring-boot-4.0.6.jar:4.0.6]
	at com.sealhackathon.api.BeApplication.main(BeApplication.java:14) ~[classes/:na]
	at java.base/jdk.internal.reflect.NativeMethodAccessorImpl.invoke0(Native Method) ~[na:na]
	at java.base/jdk.internal.reflect.NativeMethodAccessorImpl.invoke(NativeMethodAccessorImpl.java:77) ~[na:na]
	at java.base/jdk.internal.reflect.DelegatingMethodAccessorImpl.invoke(DelegatingMethodAccessorImpl.java:43) ~[na:na]
	at java.base/java.lang.reflect.Method.invoke(Method.java:568) ~[na:na]
	at org.springframework.boot.devtools.restart.RestartLauncher.run(RestartLauncher.java:52) ~[spring-boot-devtools-4.0.6.jar:4.0.6]
Caused by: org.hibernate.exception.LockAcquisitionException: could not execute statement [Deadlock found when trying to get lock; try restarting transaction] [insert into users (avatar_url,chapter_id,created_at,email,email_verified_at,full_name,institution,is_dept_head,is_temp_account,last_login_at,must_change_password,password_hash,phone,rejection_reason,role,status,student_card_image_path,student_code,updated_at,user_type) values (?,?,?,?,?,?,?,?,?,?,?,?,?,?,?,?,?,?,?,?)]
	at org.hibernate.dialect.MySQLDialect.lambda$buildSQLExceptionConversionDelegate$0(MySQLDialect.java:1290) ~[hibernate-core-7.2.12.Final.jar:7.2.12.Final]
	at org.hibernate.exception.internal.StandardSQLExceptionConverter.convert(StandardSQLExceptionConverter.java:34) ~[hibernate-core-7.2.12.Final.jar:7.2.12.Final]
	at org.hibernate.engine.jdbc.spi.SqlExceptionHelper.convert(SqlExceptionHelper.java:115) ~[hibernate-core-7.2.12.Final.jar:7.2.12.Final]
	at org.hibernate.engine.jdbc.internal.ResultSetReturnImpl.executeUpdate(ResultSetReturnImpl.java:184) ~[hibernate-core-7.2.12.Final.jar:7.2.12.Final]
	at org.hibernate.id.insert.GetGeneratedKeysDelegate.performMutation(GetGeneratedKeysDelegate.java:103) ~[hibernate-core-7.2.12.Final.jar:7.2.12.Final]
	at org.hibernate.engine.jdbc.mutation.internal.MutationExecutorSingleNonBatched.performNonBatchedOperations(MutationExecutorSingleNonBatched.java:45) ~[hibernate-core-7.2.12.Final.jar:7.2.12.Final]
	at org.hibernate.engine.jdbc.mutation.internal.AbstractMutationExecutor.execute(AbstractMutationExecutor.java:66) ~[hibernate-core-7.2.12.Final.jar:7.2.12.Final]
	at org.hibernate.engine.jdbc.mutation.internal.AbstractMutationExecutor.execute(AbstractMutationExecutor.java:55) ~[hibernate-core-7.2.12.Final.jar:7.2.12.Final]
	at org.hibernate.persister.entity.mutation.InsertCoordinatorStandard.doStaticInserts(InsertCoordinatorStandard.java:180) ~[hibernate-core-7.2.12.Final.jar:7.2.12.Final]
	at org.hibernate.persister.entity.mutation.InsertCoordinatorStandard.coordinateInsert(InsertCoordinatorStandard.java:120) ~[hibernate-core-7.2.12.Final.jar:7.2.12.Final]
	at org.hibernate.persister.entity.mutation.InsertCoordinatorStandard.insert(InsertCoordinatorStandard.java:84) ~[hibernate-core-7.2.12.Final.jar:7.2.12.Final]
	at org.hibernate.action.internal.EntityIdentityInsertAction.execute(EntityIdentityInsertAction.java:85) ~[hibernate-core-7.2.12.Final.jar:7.2.12.Final]
	at org.hibernate.engine.spi.ActionQueue.execute(ActionQueue.java:667) ~[hibernate-core-7.2.12.Final.jar:7.2.12.Final]
	at org.hibernate.engine.spi.ActionQueue.addResolvedEntityInsertAction(ActionQueue.java:291) ~[hibernate-core-7.2.12.Final.jar:7.2.12.Final]
	at org.hibernate.engine.spi.ActionQueue.addInsertAction(ActionQueue.java:270) ~[hibernate-core-7.2.12.Final.jar:7.2.12.Final]
	at org.hibernate.engine.spi.ActionQueue.addAction(ActionQueue.java:322) ~[hibernate-core-7.2.12.Final.jar:7.2.12.Final]
	at org.hibernate.event.internal.AbstractSaveEventListener.addInsertAction(AbstractSaveEventListener.java:371) ~[hibernate-core-7.2.12.Final.jar:7.2.12.Final]
	at org.hibernate.event.internal.AbstractSaveEventListener.performSaveOrReplicate(AbstractSaveEventListener.java:285) ~[hibernate-core-7.2.12.Final.jar:7.2.12.Final]
	at org.hibernate.event.internal.AbstractSaveEventListener.performSave(AbstractSaveEventListener.java:215) ~[hibernate-core-7.2.12.Final.jar:7.2.12.Final]
	at org.hibernate.event.internal.AbstractSaveEventListener.saveWithGeneratedId(AbstractSaveEventListener.java:133) ~[hibernate-core-7.2.12.Final.jar:7.2.12.Final]
	at org.hibernate.event.internal.DefaultPersistEventListener.entityIsTransient(DefaultPersistEventListener.java:144) ~[hibernate-core-7.2.12.Final.jar:7.2.12.Final]
	at org.hibernate.event.internal.DefaultPersistEventListener.persist(DefaultPersistEventListener.java:90) ~[hibernate-core-7.2.12.Final.jar:7.2.12.Final]
	at org.hibernate.event.internal.DefaultPersistEventListener.onPersist(DefaultPersistEventListener.java:74) ~[hibernate-core-7.2.12.Final.jar:7.2.12.Final]
	at org.hibernate.event.internal.DefaultPersistEventListener.onPersist(DefaultPersistEventListener.java:50) ~[hibernate-core-7.2.12.Final.jar:7.2.12.Final]
	at org.hibernate.event.service.internal.EventListenerGroupImpl.fireEventOnEachListener(EventListenerGroupImpl.java:138) ~[hibernate-core-7.2.12.Final.jar:7.2.12.Final]
	at org.hibernate.internal.SessionImpl.firePersist(SessionImpl.java:692) ~[hibernate-core-7.2.12.Final.jar:7.2.12.Final]
	at org.hibernate.internal.SessionImpl.persist(SessionImpl.java:675) ~[hibernate-core-7.2.12.Final.jar:7.2.12.Final]
	at jdk.internal.reflect.GeneratedMethodAccessor64.invoke(Unknown Source) ~[na:na]
	at java.base/jdk.internal.reflect.DelegatingMethodAccessorImpl.invoke(DelegatingMethodAccessorImpl.java:43) ~[na:na]
	at java.base/java.lang.reflect.Method.invoke(Method.java:568) ~[na:na]
	at org.springframework.orm.jpa.SharedEntityManagerCreator$SharedEntityHandlerInvocationHandler.invokeMethod(SharedEntityManagerCreator.java:240) ~[spring-orm-7.0.7.jar:7.0.7]
	at org.springframework.orm.jpa.SharedEntityManagerCreator$SharedEntityManagerInvocationHandler.invoke(SharedEntityManagerCreator.java:386) ~[spring-orm-7.0.7.jar:7.0.7]
	at jdk.proxy3/jdk.proxy3.$Proxy170.persist(Unknown Source) ~[na:na]
	at org.springframework.data.jpa.repository.support.SimpleJpaRepository.save(SimpleJpaRepository.java:664) ~[spring-data-jpa-4.0.5.jar:4.0.5]
	at jdk.internal.reflect.GeneratedMethodAccessor63.invoke(Unknown Source) ~[na:na]
	at java.base/jdk.internal.reflect.DelegatingMethodAccessorImpl.invoke(DelegatingMethodAccessorImpl.java:43) ~[na:na]
	at java.base/java.lang.reflect.Method.invoke(Method.java:568) ~[na:na]
	at org.springframework.aop.support.AopUtils.invokeJoinpointUsingReflection(AopUtils.java:359) ~[spring-aop-7.0.7.jar:7.0.7]
	at org.springframework.data.repository.core.support.RepositoryMethodInvoker$RepositoryFragmentMethodInvoker.lambda$new$0(RepositoryMethodInvoker.java:278) ~[spring-data-commons-4.0.5.jar:4.0.5]
	at org.springframework.data.repository.core.support.RepositoryMethodInvoker.doInvoke(RepositoryMethodInvoker.java:169) ~[spring-data-commons-4.0.5.jar:4.0.5]
	at org.springframework.data.repository.core.support.RepositoryMethodInvoker.invoke(RepositoryMethodInvoker.java:158) ~[spring-data-commons-4.0.5.jar:4.0.5]
	at org.springframework.data.repository.core.support.RepositoryComposition$RepositoryFragments.invoke(RepositoryComposition.java:545) ~[spring-data-commons-4.0.5.jar:4.0.5]
	at org.springframework.data.repository.core.support.RepositoryComposition.invoke(RepositoryComposition.java:290) ~[spring-data-commons-4.0.5.jar:4.0.5]
	at org.springframework.data.repository.core.support.RepositoryFactorySupport$ImplementationMethodExecutionInterceptor.invoke(RepositoryFactorySupport.java:690) ~[spring-data-commons-4.0.5.jar:4.0.5]
	at org.springframework.aop.framework.ReflectiveMethodInvocation.proceed(ReflectiveMethodInvocation.java:179) ~[spring-aop-7.0.7.jar:7.0.7]
	at org.springframework.data.repository.core.support.QueryExecutorMethodInterceptor.doInvoke(QueryExecutorMethodInterceptor.java:171) ~[spring-data-commons-4.0.5.jar:4.0.5]
	at org.springframework.data.repository.core.support.QueryExecutorMethodInterceptor.invoke(QueryExecutorMethodInterceptor.java:146) ~[spring-data-commons-4.0.5.jar:4.0.5]
	at org.springframework.aop.framework.ReflectiveMethodInvocation.proceed(ReflectiveMethodInvocation.java:179) ~[spring-aop-7.0.7.jar:7.0.7]
	at org.springframework.data.projection.DefaultMethodInvokingMethodInterceptor.invoke(DefaultMethodInvokingMethodInterceptor.java:69) ~[spring-data-commons-4.0.5.jar:4.0.5]
	at org.springframework.aop.framework.ReflectiveMethodInvocation.proceed(ReflectiveMethodInvocation.java:179) ~[spring-aop-7.0.7.jar:7.0.7]
	at org.springframework.transaction.interceptor.TransactionInterceptor$1.proceedWithInvocation(TransactionInterceptor.java:133) ~[spring-tx-7.0.7.jar:7.0.7]
	at org.springframework.transaction.interceptor.TransactionAspectSupport.invokeWithinTransaction(TransactionAspectSupport.java:371) ~[spring-tx-7.0.7.jar:7.0.7]
	at org.springframework.transaction.interceptor.TransactionInterceptor.invoke(TransactionInterceptor.java:130) ~[spring-tx-7.0.7.jar:7.0.7]
	at org.springframework.aop.framework.ReflectiveMethodInvocation.proceed(ReflectiveMethodInvocation.java:179) ~[spring-aop-7.0.7.jar:7.0.7]
	at org.springframework.dao.support.PersistenceExceptionTranslationInterceptor.invoke(PersistenceExceptionTranslationInterceptor.java:135) ~[spring-tx-7.0.7.jar:7.0.7]
	... 54 common frames omitted
Caused by: com.mysql.cj.jdbc.exceptions.MySQLTransactionRollbackException: Deadlock found when trying to get lock; try restarting transaction
	at com.mysql.cj.jdbc.exceptions.SQLError.createSQLException(SQLError.java:115) ~[mysql-connector-j-9.7.0.jar:9.7.0]
	at com.mysql.cj.jdbc.exceptions.SQLExceptionsMapping.translateException(SQLExceptionsMapping.java:114) ~[mysql-connector-j-9.7.0.jar:9.7.0]
	at com.mysql.cj.jdbc.ClientPreparedStatement.executeInternal(ClientPreparedStatement.java:988) ~[mysql-connector-j-9.7.0.jar:9.7.0]
	at com.mysql.cj.jdbc.ClientPreparedStatement.executeUpdateInternal(ClientPreparedStatement.java:1166) ~[mysql-connector-j-9.7.0.jar:9.7.0]
	at com.mysql.cj.jdbc.ClientPreparedStatement.executeUpdateInternal(ClientPreparedStatement.java:1101) ~[mysql-connector-j-9.7.0.jar:9.7.0]
	at com.mysql.cj.jdbc.ClientPreparedStatement.executeLargeUpdate(ClientPreparedStatement.java:1448) ~[mysql-connector-j-9.7.0.jar:9.7.0]
	at com.mysql.cj.jdbc.ClientPreparedStatement.executeUpdate(ClientPreparedStatement.java:1084) ~[mysql-connector-j-9.7.0.jar:9.7.0]
	at com.zaxxer.hikari.pool.ProxyPreparedStatement.executeUpdate(ProxyPreparedStatement.java:61) ~[HikariCP-7.0.2.jar:na]
	at com.zaxxer.hikari.pool.HikariProxyPreparedStatement.executeUpdate(HikariProxyPreparedStatement.java) ~[HikariCP-7.0.2.jar:na]
	at org.hibernate.engine.jdbc.internal.ResultSetReturnImpl.executeUpdate(ResultSetReturnImpl.java:181) ~[hibernate-core-7.2.12.Final.jar:7.2.12.Final]
	... 105 common frames omitted

2026-07-19T01:13:46.489+07:00  INFO 29352 --- [BE] [  restartedMain] o.s.boot.tomcat.GracefulShutdown         : Commencing graceful shutdown. Waiting for active requests to complete
2026-07-19T01:13:46.818+07:00  INFO 29352 --- [BE] [tomcat-shutdown] o.s.boot.tomcat.GracefulShutdown         : Graceful shutdown complete
2026-07-19T01:13:46.823+07:00  INFO 29352 --- [BE] [  restartedMain] o.s.m.s.b.SimpleBrokerMessageHandler     : Stopping...
2026-07-19T01:13:46.824+07:00  INFO 29352 --- [BE] [  restartedMain] o.s.m.s.b.SimpleBrokerMessageHandler     : BrokerAvailabilityEvent[available=false, SimpleBrokerMessageHandler [org.springframework.messaging.simp.broker.DefaultSubscriptionRegistry@2083d172]]
2026-07-19T01:13:46.824+07:00  INFO 29352 --- [BE] [  restartedMain] o.s.m.s.b.SimpleBrokerMessageHandler     : Stopped.
2026-07-19T01:13:46.974+07:00  INFO 29352 --- [BE] [  restartedMain] j.LocalContainerEntityManagerFactoryBean : Closing JPA EntityManagerFactory for persistence unit 'default'
2026-07-19T01:13:46.982+07:00 ERROR 29352 --- [BE] [  restartedMain] org.hibernate.orm.core                   : HHH000478: Unsuccessful: alter table appeals drop foreign key FK2qun83lk8hloucrfyqel5smei
2026-07-19T01:13:46.984+07:00 ERROR 29352 --- [BE] [  restartedMain] org.hibernate.orm.core                   : HHH000478: Unsuccessful: alter table appeals drop foreign key FKh1uxsr0d9ic16m14akvyfmows
2026-07-19T01:13:46.987+07:00 ERROR 29352 --- [BE] [  restartedMain] org.hibernate.orm.core                   : HHH000478: Unsuccessful: alter table appeals drop foreign key FK3n0jk10na4njjtcysqxpxdhyi
2026-07-19T01:13:46.988+07:00 ERROR 29352 --- [BE] [  restartedMain] org.hibernate.orm.core                   : HHH000478: Unsuccessful: alter table audit_logs drop foreign key FKjs4iimve3y0xssbtve5ysyef0
2026-07-19T01:13:46.991+07:00 ERROR 29352 --- [BE] [  restartedMain] org.hibernate.orm.core                   : HHH000478: Unsuccessful: alter table certificates drop foreign key FKtldfllwe7wig16foie8lv1lec
2026-07-19T01:13:46.996+07:00 ERROR 29352 --- [BE] [  restartedMain] org.hibernate.orm.core                   : HHH000478: Unsuccessful: alter table certificates drop foreign key FKd3f6enpb3p3xovee9klklf05r
2026-07-19T01:13:46.998+07:00 ERROR 29352 --- [BE] [  restartedMain] org.hibernate.orm.core                   : HHH000478: Unsuccessful: alter table chapter_rankings drop foreign key FKcbokxrlr2t6tt8r3e9abecotd
2026-07-19T01:13:46.999+07:00 ERROR 29352 --- [BE] [  restartedMain] org.hibernate.orm.core                   : HHH000478: Unsuccessful: alter table chapter_rankings drop foreign key FK9sf6r7jdv1w5b24e962lmxjxl
2026-07-19T01:13:47.002+07:00 ERROR 29352 --- [BE] [  restartedMain] org.hibernate.orm.core                   : HHH000478: Unsuccessful: alter table criteria drop foreign key FKgckr73ruv9cmt9fsrs8rinq89
2026-07-19T01:13:47.005+07:00 ERROR 29352 --- [BE] [  restartedMain] org.hibernate.orm.core                   : HHH000478: Unsuccessful: alter table criteria drop foreign key FK4n3y69g26ek42sw3y444ql7im
2026-07-19T01:13:47.007+07:00 ERROR 29352 --- [BE] [  restartedMain] org.hibernate.orm.core                   : HHH000478: Unsuccessful: alter table criteria drop foreign key FKbiyndeo8u5d04rjf4ner8cajd
2026-07-19T01:13:47.009+07:00 ERROR 29352 --- [BE] [  restartedMain] org.hibernate.orm.core                   : HHH000478: Unsuccessful: alter table criteria_template_items drop foreign key FK7f7see5umxneppo1ci99baj53
2026-07-19T01:13:47.011+07:00 ERROR 29352 --- [BE] [  restartedMain] org.hibernate.orm.core                   : HHH000478: Unsuccessful: alter table criteria_templates drop foreign key FKps9x6mq5yn5r0u1kht0fd19cc
2026-07-19T01:13:47.014+07:00 ERROR 29352 --- [BE] [  restartedMain] org.hibernate.orm.core                   : HHH000478: Unsuccessful: alter table events drop foreign key FKmpv90a1lsx9lcxsj7xjcvvsxg
2026-07-19T01:13:47.016+07:00 ERROR 29352 --- [BE] [  restartedMain] org.hibernate.orm.core                   : HHH000478: Unsuccessful: alter table events drop foreign key FK6owm3j13a8ghdhyh4stg7kdso
2026-07-19T01:13:47.017+07:00 ERROR 29352 --- [BE] [  restartedMain] org.hibernate.orm.core                   : HHH000478: Unsuccessful: alter table export_jobs drop foreign key FKnaqcmvycti3xthvkb1uevdrvl
2026-07-19T01:13:47.018+07:00 ERROR 29352 --- [BE] [  restartedMain] org.hibernate.orm.core                   : HHH000478: Unsuccessful: alter table export_jobs drop foreign key FKtrlcvx2vqkqqvs2io3qar8t4m
2026-07-19T01:13:47.021+07:00 ERROR 29352 --- [BE] [  restartedMain] org.hibernate.orm.core                   : HHH000478: Unsuccessful: alter table hackathon_registration_withdrawals drop foreign key FKssojwqwa7cnb5e92byo265er8
2026-07-19T01:13:47.022+07:00 ERROR 29352 --- [BE] [  restartedMain] org.hibernate.orm.core                   : HHH000478: Unsuccessful: alter table hackathon_registration_withdrawals drop foreign key FKjpnjhsepkvglll5ucu96vhol
2026-07-19T01:13:47.024+07:00 ERROR 29352 --- [BE] [  restartedMain] org.hibernate.orm.core                   : HHH000478: Unsuccessful: alter table hackathon_registrations drop foreign key FKmkpbl3olv4l69bfb44d61u4xv
2026-07-19T01:13:47.026+07:00 ERROR 29352 --- [BE] [  restartedMain] org.hibernate.orm.core                   : HHH000478: Unsuccessful: alter table hackathon_registrations drop foreign key FK6cx9ctf6ocio2xdbl59qtd4qh
2026-07-19T01:13:47.030+07:00 ERROR 29352 --- [BE] [  restartedMain] org.hibernate.orm.core                   : HHH000478: Unsuccessful: alter table hackathons drop foreign key FK8fffgvb3f255nshhxcohu86bl
2026-07-19T01:13:47.050+07:00 ERROR 29352 --- [BE] [  restartedMain] org.hibernate.orm.core                   : HHH000478: Unsuccessful: alter table hackathons drop foreign key FKd1my370qn7unbv7k4qi8foalq
2026-07-19T01:13:47.052+07:00 ERROR 29352 --- [BE] [  restartedMain] org.hibernate.orm.core                   : HHH000478: Unsuccessful: alter table individual_rankings drop foreign key FKcwppt0m4939gi584os7lj35aq
2026-07-19T01:13:47.053+07:00 ERROR 29352 --- [BE] [  restartedMain] org.hibernate.orm.core                   : HHH000478: Unsuccessful: alter table individual_rankings drop foreign key FKptxndyhkikjreh399h5jejj1l
2026-07-19T01:13:47.054+07:00 ERROR 29352 --- [BE] [  restartedMain] org.hibernate.orm.core                   : HHH000478: Unsuccessful: alter table invitations drop foreign key FKn6sb3wpywih2ayewqhixg9eib
2026-07-19T01:13:47.056+07:00 ERROR 29352 --- [BE] [  restartedMain] org.hibernate.orm.core                   : HHH000478: Unsuccessful: alter table invitations drop foreign key FKh67axu8o0vump4ii8d89e2244
2026-07-19T01:13:47.068+07:00 ERROR 29352 --- [BE] [  restartedMain] org.hibernate.orm.core                   : HHH000478: Unsuccessful: alter table judge_assignments drop foreign key FKev6rqi45lridy5vv86aecna6e
2026-07-19T01:13:47.083+07:00 ERROR 29352 --- [BE] [  restartedMain] org.hibernate.orm.core                   : HHH000478: Unsuccessful: alter table judge_assignments drop foreign key FKmewade0xeukagmg8ghw1ej68c
2026-07-19T01:13:47.097+07:00 ERROR 29352 --- [BE] [  restartedMain] org.hibernate.orm.core                   : HHH000478: Unsuccessful: alter table judge_assignments drop foreign key FK1ledehgi4wp5gckvvump5crbk
2026-07-19T01:13:47.098+07:00 ERROR 29352 --- [BE] [  restartedMain] org.hibernate.orm.core                   : HHH000478: Unsuccessful: alter table judge_assignments drop foreign key FK70je07mkt7j48pqj4blfg0iuh
2026-07-19T01:13:47.114+07:00 ERROR 29352 --- [BE] [  restartedMain] org.hibernate.orm.core                   : HHH000478: Unsuccessful: alter table judge_submission_scoring_confirmations drop foreign key FKbxqtoaeq04w6usy5brr7x1r6x
2026-07-19T01:13:47.129+07:00 ERROR 29352 --- [BE] [  restartedMain] org.hibernate.orm.core                   : HHH000478: Unsuccessful: alter table judge_submission_scoring_confirmations drop foreign key FKgawl17js2pbbi8ntgxk4lr2s4
2026-07-19T01:13:47.149+07:00 ERROR 29352 --- [BE] [  restartedMain] org.hibernate.orm.core                   : HHH000478: Unsuccessful: alter table mentor_assignments drop foreign key FKp0fhl15uwnl13ds8npy60sdta
2026-07-19T01:13:47.168+07:00 ERROR 29352 --- [BE] [  restartedMain] org.hibernate.orm.core                   : HHH000478: Unsuccessful: alter table mentor_assignments drop foreign key FKgrsqkbqxu85pqaqnd6rhpbo93
2026-07-19T01:13:47.183+07:00 ERROR 29352 --- [BE] [  restartedMain] org.hibernate.orm.core                   : HHH000478: Unsuccessful: alter table mentor_assignments drop foreign key FKcoapm37ot7ea8ywshkkax8d34
2026-07-19T01:13:47.206+07:00 ERROR 29352 --- [BE] [  restartedMain] org.hibernate.orm.core                   : HHH000478: Unsuccessful: alter table mentor_team_assignments drop foreign key FK36gq6uhc7i9rw0tgflujty6ly
2026-07-19T01:13:47.229+07:00 ERROR 29352 --- [BE] [  restartedMain] org.hibernate.orm.core                   : HHH000478: Unsuccessful: alter table mentor_team_assignments drop foreign key FK8vjm4lk4k2774qa1fpcweorrk
2026-07-19T01:13:47.248+07:00 ERROR 29352 --- [BE] [  restartedMain] org.hibernate.orm.core                   : HHH000478: Unsuccessful: alter table mentor_team_assignments drop foreign key FKbstup3okhowqyalsxujsa3nbj
2026-07-19T01:13:47.268+07:00 ERROR 29352 --- [BE] [  restartedMain] org.hibernate.orm.core                   : HHH000478: Unsuccessful: alter table mentor_team_assignments drop foreign key FKfo8rrh4s20v2pbw2jb0kggxjr
2026-07-19T01:13:47.281+07:00 ERROR 29352 --- [BE] [  restartedMain] org.hibernate.orm.core                   : HHH000478: Unsuccessful: alter table mentor_team_assignments drop foreign key FKdt64sw7ugh1ibuqltrkayat05
2026-07-19T01:13:47.300+07:00 ERROR 29352 --- [BE] [  restartedMain] org.hibernate.orm.core                   : HHH000478: Unsuccessful: alter table notifications drop foreign key FK9y21adhxn0ayjhfocscqox7bh
2026-07-19T01:13:47.320+07:00 ERROR 29352 --- [BE] [  restartedMain] org.hibernate.orm.core                   : HHH000478: Unsuccessful: alter table oauth_accounts drop foreign key FKn6j2b3ur1fcj3vkodrmqtdxmi
2026-07-19T01:13:47.347+07:00 ERROR 29352 --- [BE] [  restartedMain] org.hibernate.orm.core                   : HHH000478: Unsuccessful: alter table presentation_slots drop foreign key FKl0mbu7wf5wsbtys656sts58rl
2026-07-19T01:13:47.368+07:00 ERROR 29352 --- [BE] [  restartedMain] org.hibernate.orm.core                   : HHH000478: Unsuccessful: alter table presentation_slots drop foreign key FKl2h4pka5jis58hegmlujbuq3v
2026-07-19T01:13:47.386+07:00 ERROR 29352 --- [BE] [  restartedMain] org.hibernate.orm.core                   : HHH000478: Unsuccessful: alter table presentation_slots drop foreign key FKmmmjfdyvtm64agswu58ury4an
2026-07-19T01:13:47.405+07:00 ERROR 29352 --- [BE] [  restartedMain] org.hibernate.orm.core                   : HHH000478: Unsuccessful: alter table presentation_slots drop foreign key FKd77fetu581se1jkfjx8pqae3j
2026-07-19T01:13:47.429+07:00 ERROR 29352 --- [BE] [  restartedMain] org.hibernate.orm.core                   : HHH000478: Unsuccessful: alter table prizes drop foreign key FKd6nn3kllmyx4am1exyrslb3f9
2026-07-19T01:13:47.445+07:00 ERROR 29352 --- [BE] [  restartedMain] org.hibernate.orm.core                   : HHH000478: Unsuccessful: alter table prizes drop foreign key FK4yfgi4phn68a5xth8g4kxlsg1
2026-07-19T01:13:47.466+07:00 ERROR 29352 --- [BE] [  restartedMain] org.hibernate.orm.core                   : HHH000478: Unsuccessful: alter table prizes drop foreign key FKrttj24nh62i6yrc6ti5uka4vo
2026-07-19T01:13:47.481+07:00 ERROR 29352 --- [BE] [  restartedMain] org.hibernate.orm.core                   : HHH000478: Unsuccessful: alter table prizes drop foreign key FK77da75gh9k40gsp35kl86oxm7
2026-07-19T01:13:47.497+07:00 ERROR 29352 --- [BE] [  restartedMain] org.hibernate.orm.core                   : HHH000478: Unsuccessful: alter table prizes drop foreign key FK1q8e01nd9yqm9m0stqd0k17jr
2026-07-19T01:13:47.525+07:00 ERROR 29352 --- [BE] [  restartedMain] org.hibernate.orm.core                   : HHH000478: Unsuccessful: alter table rbl_calibration_prompts drop foreign key FKcyqi2irrandm0p0jc2ruhjqb6
2026-07-19T01:13:47.552+07:00 ERROR 29352 --- [BE] [  restartedMain] org.hibernate.orm.core                   : HHH000478: Unsuccessful: alter table rbl_calibration_prompts drop foreign key FKfypdxoiwgaomteq2nwj9qjmje
2026-07-19T01:13:47.575+07:00 ERROR 29352 --- [BE] [  restartedMain] org.hibernate.orm.core                   : HHH000478: Unsuccessful: alter table rbl_calibration_prompts drop foreign key FKqb7yv3913ei7j83o3x2ohim84
2026-07-19T01:13:47.592+07:00 ERROR 29352 --- [BE] [  restartedMain] org.hibernate.orm.core                   : HHH000478: Unsuccessful: alter table rbl_calibration_scores drop foreign key FKfywx9ex8s41ihd2n6ca51c2mr
2026-07-19T01:13:47.609+07:00 ERROR 29352 --- [BE] [  restartedMain] org.hibernate.orm.core                   : HHH000478: Unsuccessful: alter table rbl_calibration_scores drop foreign key FKs84s7iqfwxpmrv0y0654xvk5w
2026-07-19T01:13:47.621+07:00 ERROR 29352 --- [BE] [  restartedMain] org.hibernate.orm.core                   : HHH000478: Unsuccessful: alter table rbl_calibration_scores drop foreign key FKqx4lakxb117e1lc52yrq51n4t
2026-07-19T01:13:47.682+07:00 ERROR 29352 --- [BE] [  restartedMain] org.hibernate.orm.core                   : HHH000478: Unsuccessful: alter table rounds drop foreign key FKkirde10vdn17svjpd83qh3xk6
2026-07-19T01:13:47.730+07:00 ERROR 29352 --- [BE] [  restartedMain] org.hibernate.orm.core                   : HHH000478: Unsuccessful: alter table rounds drop foreign key FKfindjtx3oul2omeo99f21gbku
2026-07-19T01:13:47.781+07:00 ERROR 29352 --- [BE] [  restartedMain] org.hibernate.orm.core                   : HHH000478: Unsuccessful: alter table rounds drop foreign key FKd6mtn57qtch77712b6ki625qt
2026-07-19T01:13:47.834+07:00 ERROR 29352 --- [BE] [  restartedMain] org.hibernate.orm.core                   : HHH000478: Unsuccessful: alter table rounds drop foreign key FK7d7boreh2g460rln6a6ygw3u2
2026-07-19T01:13:47.853+07:00 ERROR 29352 --- [BE] [  restartedMain] org.hibernate.orm.core                   : HHH000478: Unsuccessful: alter table scores drop foreign key FKg8c3ek59ig223fbhvclkmk0ac
2026-07-19T01:13:47.870+07:00 ERROR 29352 --- [BE] [  restartedMain] org.hibernate.orm.core                   : HHH000478: Unsuccessful: alter table scores drop foreign key FK1gm2g65ofxpnio3lxfjxnk15j
2026-07-19T01:13:47.886+07:00 ERROR 29352 --- [BE] [  restartedMain] org.hibernate.orm.core                   : HHH000478: Unsuccessful: alter table scores drop foreign key FK2x5divd0ndt4w8myxbq5m1mhc
2026-07-19T01:13:47.905+07:00 ERROR 29352 --- [BE] [  restartedMain] org.hibernate.orm.core                   : HHH000478: Unsuccessful: alter table submission_metadata drop foreign key FKdi4e0i9rhlmeavops45o591s2
2026-07-19T01:13:47.930+07:00 ERROR 29352 --- [BE] [  restartedMain] org.hibernate.orm.core                   : HHH000478: Unsuccessful: alter table submissions drop foreign key FK3lqal64j1pc2q2i606gvbnx72
2026-07-19T01:13:47.949+07:00 ERROR 29352 --- [BE] [  restartedMain] org.hibernate.orm.core                   : HHH000478: Unsuccessful: alter table submissions drop foreign key FKbuqmxdd1hbe322y94nsg3ivs5
2026-07-19T01:13:48.000+07:00 ERROR 29352 --- [BE] [  restartedMain] org.hibernate.orm.core                   : HHH000478: Unsuccessful: alter table submissions drop foreign key FKfgbwpqe9vj8s00jplgsxiq7r5
2026-07-19T01:13:48.020+07:00 ERROR 29352 --- [BE] [  restartedMain] org.hibernate.orm.core                   : HHH000478: Unsuccessful: alter table submissions drop foreign key FKbynjn6p7c98ge1od4htc8j1x8
2026-07-19T01:13:48.040+07:00 ERROR 29352 --- [BE] [  restartedMain] org.hibernate.orm.core                   : HHH000478: Unsuccessful: alter table submissions drop foreign key FKu6ctw546njb9tu4fbp9803ls
2026-07-19T01:13:48.057+07:00 ERROR 29352 --- [BE] [  restartedMain] org.hibernate.orm.core                   : HHH000478: Unsuccessful: alter table team_members drop foreign key FKtgca08el3ofisywcf11f0f76t
2026-07-19T01:13:48.072+07:00 ERROR 29352 --- [BE] [  restartedMain] org.hibernate.orm.core                   : HHH000478: Unsuccessful: alter table team_members drop foreign key FKee8x7x5026imwmma9kndkxs36
2026-07-19T01:13:48.092+07:00 ERROR 29352 --- [BE] [  restartedMain] org.hibernate.orm.core                   : HHH000478: Unsuccessful: alter table team_round_participation drop foreign key FKj75ma8bmvk2u3um22d8k254mr
2026-07-19T01:13:48.114+07:00 ERROR 29352 --- [BE] [  restartedMain] org.hibernate.orm.core                   : HHH000478: Unsuccessful: alter table team_round_participation drop foreign key FK612hlk3axy9rvuhhtoirbk2uu
2026-07-19T01:13:48.127+07:00 ERROR 29352 --- [BE] [  restartedMain] org.hibernate.orm.core                   : HHH000478: Unsuccessful: alter table team_round_participation drop foreign key FKp5wu2kbbimb39wu5lk08a5fd9
2026-07-19T01:13:48.144+07:00 ERROR 29352 --- [BE] [  restartedMain] org.hibernate.orm.core                   : HHH000478: Unsuccessful: alter table team_round_tracks drop foreign key FK1uhyygv8v23g7na5tqivfeduy
2026-07-19T01:13:48.156+07:00 ERROR 29352 --- [BE] [  restartedMain] org.hibernate.orm.core                   : HHH000478: Unsuccessful: alter table team_round_tracks drop foreign key FK9fv4tl7mvi8do09a9ap3vcqx4
2026-07-19T01:13:48.170+07:00 ERROR 29352 --- [BE] [  restartedMain] org.hibernate.orm.core                   : HHH000478: Unsuccessful: alter table team_round_tracks drop foreign key FKmuhtp0e8v81rv5oum3quekn7m
2026-07-19T01:13:48.202+07:00 ERROR 29352 --- [BE] [  restartedMain] org.hibernate.orm.core                   : HHH000478: Unsuccessful: alter table teams drop foreign key FKiaq9u1j1a13behal4ag4xrrvv
2026-07-19T01:13:48.232+07:00 ERROR 29352 --- [BE] [  restartedMain] org.hibernate.orm.core                   : HHH000478: Unsuccessful: alter table teams drop foreign key FKsfb08w7agi8upmexrha79mdua
2026-07-19T01:13:48.261+07:00 ERROR 29352 --- [BE] [  restartedMain] org.hibernate.orm.core                   : HHH000478: Unsuccessful: alter table teams drop foreign key FK1unglgeiypxqm05k3sxh7web4
2026-07-19T01:13:48.279+07:00 ERROR 29352 --- [BE] [  restartedMain] org.hibernate.orm.core                   : HHH000478: Unsuccessful: alter table tiebreak_evaluations drop foreign key FK7jwpebasvghue3uifkb3pi73g
2026-07-19T01:13:48.295+07:00 ERROR 29352 --- [BE] [  restartedMain] org.hibernate.orm.core                   : HHH000478: Unsuccessful: alter table tiebreak_evaluations drop foreign key FK3p7ugqrlxt689bj9voqc5lltf
2026-07-19T01:13:48.313+07:00 ERROR 29352 --- [BE] [  restartedMain] org.hibernate.orm.core                   : HHH000478: Unsuccessful: alter table tiebreak_evaluations drop foreign key FKbl7ay0d2ih07ya89gpyuuhbp8
2026-07-19T01:13:48.342+07:00 ERROR 29352 --- [BE] [  restartedMain] org.hibernate.orm.core                   : HHH000478: Unsuccessful: alter table tracks drop foreign key FK1up43aevdydles6a1jxmodtsk
2026-07-19T01:13:48.367+07:00 ERROR 29352 --- [BE] [  restartedMain] org.hibernate.orm.core                   : HHH000478: Unsuccessful: alter table tracks drop foreign key FK8up0epor9qteqlm9af7plnbbm
2026-07-19T01:13:48.384+07:00 ERROR 29352 --- [BE] [  restartedMain] org.hibernate.orm.core                   : HHH000478: Unsuccessful: alter table user_sessions drop foreign key FK8klxsgb8dcjjklmqebqp1twd5
2026-07-19T01:13:48.416+07:00 ERROR 29352 --- [BE] [  restartedMain] org.hibernate.orm.core                   : HHH000478: Unsuccessful: alter table users drop foreign key FKr00jnl488d9dypkabwk89c96k
2026-07-19T01:13:48.437+07:00 ERROR 29352 --- [BE] [  restartedMain] org.hibernate.orm.core                   : HHH000478: Unsuccessful: alter table wildcard_override_history drop foreign key FKgr673iohaogaggtpdpiiq2op
2026-07-19T01:13:48.454+07:00 ERROR 29352 --- [BE] [  restartedMain] org.hibernate.orm.core                   : HHH000478: Unsuccessful: alter table wildcard_override_history drop foreign key FKgqiskyq6v04jtxat3ja7fgi1g
2026-07-19T01:13:48.470+07:00 ERROR 29352 --- [BE] [  restartedMain] org.hibernate.orm.core                   : HHH000478: Unsuccessful: alter table wildcard_override_history drop foreign key FKbgg914i4fes4ejra0yb6s0otp
2026-07-19T01:13:48.486+07:00 ERROR 29352 --- [BE] [  restartedMain] org.hibernate.orm.core                   : HHH000478: Unsuccessful: alter table wildcard_override_history drop foreign key FKr3uxcgh3tm0h1f5lh8gucfikx
2026-07-19T01:13:48.506+07:00 ERROR 29352 --- [BE] [  restartedMain] org.hibernate.orm.core                   : HHH000478: Unsuccessful: alter table wildcard_reviews drop foreign key FKh97w3w5yikxh1nvsnk7ndhq1v
2026-07-19T01:13:48.523+07:00 ERROR 29352 --- [BE] [  restartedMain] org.hibernate.orm.core                   : HHH000478: Unsuccessful: alter table wildcard_reviews drop foreign key FK281o2vb3kc1jfdj7n9ua77dwe
2026-07-19T01:13:48.540+07:00 ERROR 29352 --- [BE] [  restartedMain] org.hibernate.orm.core                   : HHH000478: Unsuccessful: alter table wildcard_reviews drop foreign key FKe7ywnk5atj2jfba8k9i1h8bxi
2026-07-19T01:13:48.554+07:00 ERROR 29352 --- [BE] [  restartedMain] org.hibernate.orm.core                   : HHH000478: Unsuccessful: alter table wildcard_reviews drop foreign key FKov22n0xso8y62gryv1ai3u15p
2026-07-19T01:13:49.190+07:00  INFO 29352 --- [BE] [  restartedMain] com.zaxxer.hikari.HikariDataSource       : HikariPool-1 - Shutdown initiated...
2026-07-19T01:13:49.201+07:00  INFO 29352 --- [BE] [  restartedMain] com.zaxxer.hikari.HikariDataSource       : HikariPool-1 - Shutdown completed.
[INFO] ------------------------------------------------------------------------
[INFO] BUILD SUCCESS
[INFO] ------------------------------------------------------------------------
[INFO] Total time:  01:06 min
[INFO] Finished at: 2026-07-19T01:13:49+07:00
[INFO] ------------------------------------------------------------------------
